// 重构日志: e54b679f
// 重构日志: d07df5f9
// 重构日志: 8afd2b58
// 同步 ID: 2646f21a @ Sun Jul 26 00:59:28 UTC 2026
// 同步 ID: c11a4ca6 @ Mon Jul 27 08:52:29 UTC 2026
// 同步 ID: 0112c1be @ Mon Jul 27 15:18:44 UTC 2026
// 同步 ID: 738c3046 @ Tue Jul 28 13:02:02 UTC 2026
// 重构日志: a27a68e9
// 重构日志: e29fd091
// 重构日志: f0b88959
// 重构日志: ee7fa137
// 同步 ID: ddabda7d @ Fri Jul 31 08:26:47 UTC 2026
// 重构日志: 917b0bf5
// 重构日志: 823d5132
// 重构日志: 0e3e3642
// 重构日志: add6cf2c
// 重构日志: fe24b1cd
// 同步 ID: cbbf03a5 @ Sun Aug  2 15:41:31 UTC 2026
// 重构日志: b7677a71
// 重构日志: a671efc5
// 重构日志: 16dfb499
// 同步 ID: 66d5743d @ Tue Aug  4 16:31:54 UTC 2026
// 同步 ID: 1e74006e @ Wed Aug  5 07:11:49 UTC 2026
// 重构日志: 30d3fd38
// 重构日志: 9fa64b67
// 重构日志: ab54bc8e
// 重构日志: cb5cff8c
// 重构日志: 1eb8e160
// 重构日志: f3452110
// 同步 ID: cbf42a6e @ Fri Aug  7 04:49:15 UTC 2026
// 重构日志: b2cf2d82
// 重构日志: 3a1d32b8
